setAllGlobals(4000, 0.01, 9.16666e-08, 1.83333e-07, 2.75e-07, 1, 2, 3, 1, 3.2);
