Initial State: 
rpm 4000
dt 0.01
x 4.58333e-08
y 9.16667e-08
z 1.375e-07
x_mph 1
y_mph 2
z_mph 3
gravity 1
y_torque 3.2
Modified State: 
rpm 4000
dt 0.01
x 9.16666e-08
y 1.83333e-07
z 2.75e-07
x_mph 1
y_mph 2
z_mph 3
gravity 1
y_torque 3.2

