setAllGlobals(6000, 0.01, 0, 0, 0, 1, 2, 3, false, 3.2);
