input value: 3.14
Sin()  : 3.14: 0.867008
Floor(): 3.14: 3
Cos()  : 3.14: -0.867634
Tan()  : 3.14: -0.999279
Csc()  : 3.14: 1.15339
Sec()  : 3.14: -1.15256
Cot()  : 3.14: -1.00072
Asin() : 3.14: -nan(ind)
Acos() : 3.14: -nan(ind)
Atan() : 3.14: 1.26248
Atan2(): 3.14: 0.785398
Acsc() : 3.14: 0.324116
Asec() : 3.14: 1.24668
Acot() : 3.14: 0.308316

