(-0.1, -0.1) => -2.35619
(-0.1, 0) => -1.5708
(-0.1, 1) => -0.0996687
(-0.1, 3.14) => -0.0318364
(0, -0.1) => 3.14159
(0, 0) => 1.5708
(0, 1) => 0
(0, 3.14) => 0
(1, -0.1) => 1.67046
(1, 0) => 1.5708
(1, 1) => 0.785398
(1, 3.14) => 0.308316
(3.14, -0.1) => 1.60263
(3.14, 0) => 1.5708
(3.14, 1) => 1.26248
(3.14, 3.14) => 0.785398

