(1) => input value: 1
Sin()  : 1: 0.0970479
Floor(): 1: 1
Cos()  : 1: 0.828807
Tan()  : 1: 0.117093
Csc()  : 1: 10.3042
Sec()  : 1: 1.20655
Cot()  : 1: 8.54019
Asin() : 1: 1.5708
Acos() : 1: 0
Atan() : 1: 0.785398
Atan2(): 1: 0.785398
Acsc() : 1: 1.5708
Asec() : 1: 0
Acot() : 1: 0.785398


