runEverything


input value: 1
Sin()  : 1: 0.0970479
Floor(): 1: 1
Cos()  : 1: 0.828807
Tan()  : 1: 0.117093
Csc()  : 1: 10.3042
Sec()  : 1: 1.20655
Cot()  : 1: 8.54019
Asin() : 1: 1.5708
Acos() : 1: 0
Atan() : 1: 0.785398
Atan2(): 1: 0.785398
Acsc() : 1: 1.5708
Asec() : 1: 0
Acot() : 1: 0.785398

input value: 3.14
Sin()  : 3.14: 0.867008
Floor(): 3.14: 3
Cos()  : 3.14: -0.867634
Tan()  : 3.14: -0.999279
Csc()  : 3.14: 1.15339
Sec()  : 3.14: -1.15256
Cot()  : 3.14: -1.00072
Asin() : 3.14: -nan(ind)
Acos() : 3.14: -nan(ind)
Atan() : 3.14: 1.26248
Atan2(): 3.14: 0.785398
Acsc() : 3.14: 0.324116
Asec() : 3.14: 1.24668
Acot() : 3.14: 0.308316


