Acos (1) = 0
Acot  (1) = 0.785398
Acsc (1) = 1.5708
Asec (1) = 0
Asin (1) = 1.5708
Atan (1) = 0.785398
Cos (1) = 0.828807
Cot (1) = 8.54019
Csc (1) = 10.3042
Floor (1) = 1
Sec (1) = 1.20655
Sin  (1) = 0.0970479
Tan  (1) = 0.117093

