(TrigMath::Acos, -0.1) => 1.67096
(TrigMath::Acos, 0) => 1.5708
(TrigMath::Acos, 1) => 0
(TrigMath::Acos, 3.14) => -nan(ind)
(TrigMath::Acot, -0.1) => 1.67046
(TrigMath::Acot, 0) => -nan(ind)
(TrigMath::Acot, 1) => 0.785398
(TrigMath::Acot, 3.14) => 0.308316
(TrigMath::Acsc, -0.1) => nan
(TrigMath::Acsc, 0) => -nan(ind)
(TrigMath::Acsc, 1) => 1.5708
(TrigMath::Acsc, 3.14) => 0.324116
(TrigMath::Asec, -0.1) => -nan(ind)
(TrigMath::Asec, 0) => -nan(ind)
(TrigMath::Asec, 1) => 0
(TrigMath::Asec, 3.14) => 1.24668
(TrigMath::Asin, -0.1) => -0.100167
(TrigMath::Asin, 0) => 0
(TrigMath::Asin, 1) => 1.5708
(TrigMath::Asin, 3.14) => -nan(ind)
(TrigMath::Atan, -0.1) => -0.0996687
(TrigMath::Atan, 0) => 0
(TrigMath::Atan, 1) => 0.785398
(TrigMath::Atan, 3.14) => 1.26248
(TrigMath::Cos, -0.1) => 0.0332319
(TrigMath::Cos, 0) => 0.00854503
(TrigMath::Cos, 1) => 0.828807
(TrigMath::Cos, 3.14) => -0.867634
(TrigMath::Cot, -0.1) => -0.339801
(TrigMath::Cot, 0) => inf
(TrigMath::Cot, 1) => 8.54019
(TrigMath::Cot, 3.14) => -1.00072
(TrigMath::Csc, -0.1) => -10.2251
(TrigMath::Csc, 0) => inf
(TrigMath::Csc, 1) => 10.3042
(TrigMath::Csc, 3.14) => 1.15339
(TrigMath::Sec, -0.1) => 30.0915
(TrigMath::Sec, 0) => 117.027
(TrigMath::Sec, 1) => 1.20655
(TrigMath::Sec, 3.14) => -1.15256
(TrigMath::Sin, -0.1) => -0.0977983
(TrigMath::Sin, 0) => 0
(TrigMath::Sin, 1) => 0.0970479
(TrigMath::Sin, 3.14) => 0.867008
(TrigMath::Tan, -0.1) => -2.9429
(TrigMath::Tan, 0) => 0
(TrigMath::Tan, 1) => 0.117093
(TrigMath::Tan, 3.14) => -0.999279

