input value: 1
0.0970479
1
0.828807
0.117093
10.3042
1.20655
8.54019
1.5708
0
0.785398
0.785398
1.5708
0
0.785398

