(-0.5, -0.5) => -2.35619
(-0.5, 0) => -1.5708
(-0.5, 0.5) => -0.785398
(-0.5, 1) => -0.463648
(0, -0.5) => 3.14159
(0, 0) => 1.5708
(0, 0.5) => 0
(0, 1) => 0
(0.5, -0.5) => 2.35619
(0.5, 0) => 1.5708
(0.5, 0.5) => 0.785398
(0.5, 1) => 0.463648
(1, -0.5) => 2.03444
(1, 0) => 1.5708
(1, 0.5) => 1.10715
(1, 1) => 0.785398

