0.097045
1.57075
0.828843
0.117085
10.3045
1.2065
8.54081
0
0.785375
1.19024
1.57075
0
0.785375

