1 and PI


1 => Sin( 1 ) = 0.0970479
Asin( 1 ) = 1.5708
Cos( 1 ) = 0.828807
Tan( 1 ) = 0.117093
Csc( 1 ) = 10.3042
Sec( 1 ) = 1.20655
Cot( 1 ) = 8.54019
Acos( 1 ) = 0
Atan( 1 ) = 0.785398
Atan2( 1, 0.4 ) = 1.19029
Acsc( 1 ) = 1.5708
Asec( 1 ) = 0
Acot( 1 ) = 0.785398

3.14 => Sin( 3.14 ) = 0.867008
Asin( 3.14 ) = -nan(ind)
Cos( 3.14 ) = -0.867634
Tan( 3.14 ) = -0.999279
Csc( 3.14 ) = 1.15339
Sec( 3.14 ) = -1.15256
Cot( 3.14 ) = -1.00072
Acos( 3.14 ) = -nan(ind)
Atan( 3.14 ) = 1.26248
Atan2( 3.14, 0.4 ) = 1.44409
Acsc( 3.14 ) = 0.324116
Asec( 3.14 ) = 1.24668
Acot( 3.14 ) = 0.308316

-0.1 => Sin( -0.1 ) = -0.0977983
Asin( -0.1 ) = -0.100167
Cos( -0.1 ) = 0.0332319
Tan( -0.1 ) = -2.9429
Csc( -0.1 ) = -10.2251
Sec( -0.1 ) = 30.0915
Cot( -0.1 ) = -0.339801
Acos( -0.1 ) = 1.67096
Atan( -0.1 ) = -0.0996687
Atan2( -0.1, 0.4 ) = -0.244979
Acsc( -0.1 ) = nan
Asec( -0.1 ) = -nan(ind)
Acot( -0.1 ) = 1.67046

0 => Sin( 0 ) = 0
Asin( 0 ) = 0
Cos( 0 ) = 0.00854503
Tan( 0 ) = 0
Csc( 0 ) = inf
Sec( 0 ) = 117.027
Cot( 0 ) = inf
Acos( 0 ) = 1.5708
Atan( 0 ) = 0
Atan2( 0, 0.4 ) = 0
Acsc( 0 ) = -nan(ind)
Asec( 0 ) = -nan(ind)
Acot( 0 ) = -nan(ind)

0.2 => Sin( 0.2 ) = 0.0652359
Asin( 0.2 ) = 0.201358
Cos( 0.2 ) = 0.0977983
Tan( 0.2 ) = 0.667046
Csc( 0.2 ) = 15.329
Sec( 0.2 ) = 10.2251
Cot( 0.2 ) = 1.49915
Acos( 0.2 ) = 1.36944
Atan( 0.2 ) = 0.197396
Atan2( 0.2, 0.4 ) = 0.463648
Acsc( 0.2 ) = -nan(ind)
Asec( 0.2 ) = -nan(ind)
Acot( 0.2 ) = 1.3734

0.8 => Sin( 0.8 ) = 0.00980161
Asin( 0.8 ) = 0.927295
Cos( 0.8 ) = 0.867571
Tan( 0.8 ) = 0.0112978
Csc( 0.8 ) = 102.024
Sec( 0.8 ) = 1.15264
Cot( 0.8 ) = 88.5131
Acos( 0.8 ) = 0.643501
Atan( 0.8 ) = 0.674741
Atan2( 0.8, 0.4 ) = 1.10715
Acsc( 0.8 ) = -nan(ind)
Asec( 0.8 ) = -nan(ind)
Acot( 0.8 ) = 0.896055


