Sin: 0.867008
Cos: -0.867634
Acos: -nan(ind)
Asin: -nan(ind)
Acot: 0.308316
Acsc: 0.324116
Asec: 1.24668
Atan: 1.26248
Atan2: 0.785398
Cot: -1.00072
Csc: 1.15339
Sec: -1.15256
Tan: -0.999279

