math.Sin(angle)0.0970479
math.Cos( angle ) 0.828807
math.Tan( angle ) 0.117093
math.Csc( angle ) 10.3042
math.Sec( angle ) 1.20655
math.Cot( angle ) 8.54019
math.Asin( angle ) 1.5708
math.Acos( angle ) 0
math.Atan( angle ) 0.785398
math.Atan2( angle, 0.4 ) 1.19029
math.Acsc( angle ) 1.5708
math.Asec( angle ) 0
math.Acot( angle ) 0.785398

