(1, 1) => 0.785398
(1, 3.14) => 0.308316
(1, -0.1) => 1.67046
(1, 0) => 1.5708
(1, 0.2) => 1.3734
(1, 0.8) => 0.896055
(3.14, 1) => 1.26248
(3.14, 3.14) => 0.785398
(3.14, -0.1) => 1.60263
(3.14, 0) => 1.5708
(3.14, 0.2) => 1.50719
(3.14, 0.8) => 1.32133
(-0.1, 1) => -0.0996687
(-0.1, 3.14) => -0.0318364
(-0.1, -0.1) => -2.35619
(-0.1, 0) => -1.5708
(-0.1, 0.2) => -0.463648
(-0.1, 0.8) => -0.124355
(0, 1) => 0
(0, 3.14) => 0
(0, -0.1) => 3.14159
(0, 0) => 1.5708
(0, 0.2) => 0
(0, 0.8) => 0
(0.2, 1) => 0.197396
(0.2, 3.14) => 0.0636083
(0.2, -0.1) => 2.03444
(0.2, 0) => 1.5708
(0.2, 0.2) => 0.785398
(0.2, 0.8) => 0.244979
(0.8, 1) => 0.674741
(0.8, 3.14) => 0.24947
(0.8, -0.1) => 1.69515
(0.8, 0) => 1.5708
(0.8, 0.2) => 1.32582
(0.8, 0.8) => 0.785398

