Sin: 0.0970479
Cos: 0.828807
Acos: 0
Asin: 1.5708
Acot: 0.785398
Acsc: 1.5708
Asec: 0
Atan: 0.785398
Atan2: 0.785398
Cot: 8.54019
Csc: 10.3042
Sec: 1.20655
Tan: 0.117093

