Sin( 3.14 ) = 0.866976
Asin( 3.14 ) = -nan(ind)
Cos( 3.14 ) = -0.866633
Tan( 3.14 ) = -1.0004
Csc( 3.14 ) = 1.15343
Sec( 3.14 ) = -1.15389
Cot( 3.14 ) = -0.999604
Acos( 3.14 ) = -nan(ind)
Atan( 3.14 ) = 1.26243
Atan2( 3.14, 0.4 ) = 1.44404
Acsc( 3.14 ) = 0.324116
Asec( 3.14 ) = 1.24663
Acot( 3.14 ) = 0.308316

