(&TrigMath::Sin, 1) => 0.097045
(&TrigMath::Sin, 3.14) => 0.866976
(&TrigMath::Sin, -0.1) => -0.0979798
(&TrigMath::Sin, 0) => 0
(&TrigMath::Sin, 0.2) => 0.065234
(&TrigMath::Sin, 0.8) => 0.00980132
(&TrigMath::Cos, 1) => 0.828843
(&TrigMath::Cos, 3.14) => -0.866633
(&TrigMath::Cos, -0.1) => 0.033231
(&TrigMath::Cos, 0) => 0.00854478
(&TrigMath::Cos, 0.2) => 0.0977954
(&TrigMath::Cos, 0.8) => 0.867602
(&TrigMath::Tan, 1) => 0.117085
(&TrigMath::Tan, 3.14) => -1.0004
(&TrigMath::Tan, -0.1) => -2.94845
(&TrigMath::Tan, 0) => 0
(&TrigMath::Tan, 0.2) => 0.667046
(&TrigMath::Tan, 0.8) => 0.011297
(&TrigMath::Csc, 1) => 10.3045
(&TrigMath::Csc, 3.14) => 1.15343
(&TrigMath::Csc, -0.1) => -10.2062
(&TrigMath::Csc, 0) => inf
(&TrigMath::Csc, 0.2) => 15.3294
(&TrigMath::Csc, 0.8) => 102.027
(&TrigMath::Sec, 1) => 1.2065
(&TrigMath::Sec, 3.14) => -1.15389
(&TrigMath::Sec, -0.1) => 30.0924
(&TrigMath::Sec, 0) => 117.031
(&TrigMath::Sec, 0.2) => 10.2254
(&TrigMath::Sec, 0.8) => 1.1526
(&TrigMath::Cot, 1) => 8.54081
(&TrigMath::Cot, 3.14) => -0.999604
(&TrigMath::Cot, -0.1) => -0.339161
(&TrigMath::Cot, 0) => inf
(&TrigMath::Cot, 0.2) => 1.49915
(&TrigMath::Cot, 0.8) => 88.5188
(&TrigMath::Asin, 1) => 1.57075
(&TrigMath::Asin, 3.14) => nan
(&TrigMath::Asin, -0.1) => -0.100167
(&TrigMath::Asin, 0) => 0
(&TrigMath::Asin, 0.2) => 0.201358
(&TrigMath::Asin, 0.8) => 0.927272
(&TrigMath::Acos, 1) => 0
(&TrigMath::Acos, 3.14) => nan
(&TrigMath::Acos, -0.1) => 1.67092
(&TrigMath::Acos, 0) => 1.57075
(&TrigMath::Acos, 0.2) => 1.36939
(&TrigMath::Acos, 0.8) => 0.643478
(&TrigMath::Atan, 1) => 0.785375
(&TrigMath::Atan, 3.14) => 1.26243
(&TrigMath::Atan, -0.1) => -0.0996687
(&TrigMath::Atan, 0) => 0
(&TrigMath::Atan, 0.2) => 0.197396
(&TrigMath::Atan, 0.8) => 0.674718
(&TrigMath::Acsc, 1) => 1.57075
(&TrigMath::Acsc, 3.14) => 0.324116
(&TrigMath::Acsc, -0.1) => nan
(&TrigMath::Acsc, 0) => nan
(&TrigMath::Acsc, 0.2) => nan
(&TrigMath::Acsc, 0.8) => nan
(&TrigMath::Asec, 1) => 0
(&TrigMath::Asec, 3.14) => 1.24663
(&TrigMath::Asec, -0.1) => nan
(&TrigMath::Asec, 0) => nan
(&TrigMath::Asec, 0.2) => nan
(&TrigMath::Asec, 0.8) => nan
(&TrigMath::Acot, 1) => 0.785375
(&TrigMath::Acot, 3.14) => 0.308316
(&TrigMath::Acot, -0.1) => 1.67042
(&TrigMath::Acot, 0) => nan
(&TrigMath::Acot, 0.2) => 1.37335
(&TrigMath::Acot, 0.8) => 0.896032

