(1) => 0.0970479
(3.14) => 0.867008
(-0.1) => -0.0977983
(0) => 0
(0.2) => 0.0652359
(0.8) => 0.00980161

