Cos: 0.828843
Sin: 0.097045
Asin: 1.57075
Acos: 0
Acot: 0.785375
Acsc: 1.57075
Asec: 0
Atan: 0.785375
Atan2: 1.19024
Cot: 8.54081
Csc: 10.3045
Sec: 1.2065
Tan: 0.117085

